   Compiling serde_core v1.0.229
   Compiling cfg-if v1.0.4
   Compiling memchr v2.8.3
   Compiling typenum v1.20.1
   Compiling rand_core v0.10.1
   Compiling cpufeatures v0.3.0
   Compiling generic-array v0.14.7
   Compiling libc v0.2.189
   Compiling zmij v1.0.23
   Compiling chacha20 v0.10.1
   Compiling aho-corasick v1.1.5
   Compiling getrandom v0.4.3
   Compiling winnow v1.0.4
   Compiling itoa v1.0.18
   Compiling regex-syntax v0.8.11
   Compiling serde_json v1.0.151
   Compiling regex-automata v0.4.18
   Compiling toml_parser v1.1.3+spec-1.1.0
   Compiling serde v1.0.229
   Compiling rand v0.10.2
   Compiling serde_spanned v1.1.1
   Compiling toml_datetime v0.7.5+spec-1.1.0
   Compiling crypto-common v0.1.7
   Compiling block-buffer v0.10.4
   Compiling constant_time_eq v0.4.2
   Compiling toml_writer v1.1.2+spec-1.1.0
   Compiling winnow v0.7.15
   Compiling arrayref v0.3.9
   Compiling arrayvec v0.7.8
   Compiling jiff-core v0.1.0
   Compiling toml v0.9.12+spec-1.1.0
   Compiling jiff v0.2.35
   Compiling blake3 v1.8.6
   Compiling thiserror v2.0.20
   Compiling digest v0.10.7
   Compiling ulid v3.0.0
   Compiling regex v1.13.1
   Compiling cpufeatures v0.2.17
   Compiling sha2 v0.10.9
   Compiling oi-cli v0.1.0 (/home/frank/Central/Work/O-I/.worktrees/cradle-factory-arrangement/cli)
   Compiling oi-cradle-kernel v0.1.0 (/home/frank/Central/Work/O-I/.worktrees/cradle-factory-arrangement/desktop/cradle/kernel)
   Compiling aikit-core v0.1.0 (https://github.com/EpiLogos/ai-kit?rev=e53801d#e53801d8)
    Finished `dev` profile [unoptimized + debuginfo] target(s) in 4m 22s
