   Compiling aikit-cli v0.1.0 (/Users/admin/Central/Work/ai-kit/crates/aikit-cli)
    Finished `test` profile [unoptimized + debuginfo] target(s) in 9.53s
     Running tests/control_ground_source.rs (target/debug/deps/control_ground_source-a9fc3158dcb89067)

running 4 tests
test a_projectcentral_ground_source_routes_per_project_through_existing_bindings ... ok
test a_retired_member_never_projects_and_set_show_discloses_the_reason ... ok
test a_source_that_never_opted_in_ignores_the_contract_entirely ... ok
test contract_violations_are_refused_at_sync_naming_the_file ... ok

test result: ok. 4 passed; 0 failed; 0 ignored; 0 measured; 0 filtered out; finished in 16.40s

     Running tests/mux_install.rs (target/debug/deps/mux_install-2c1f9781bf8f68f5)

running 13 tests
test a_key_that_could_inject_tmux_configuration_is_rejected_before_writing ... ok
test a_live_binding_that_only_mentions_aikit_words_is_not_mistaken_for_ownership ... ok
test a_running_private_server_is_reloaded_and_the_live_binding_is_verified ... ok
test an_effective_live_binding_is_a_conflict_even_when_the_config_is_empty ... ok
test an_existing_binding_is_refused_unless_replacement_is_explicit ... ok
test changing_the_managed_key_removes_the_old_live_binding ... ok
test compact_root_table_syntax_still_conflicts_with_the_global_hotkey ... ok
test custom_key_is_written_and_a_missing_server_is_reported_honestly ... ok
test installing_twice_is_a_successful_byte_for_byte_no_op ... ok
test prefix_and_named_table_bindings_do_not_collide_with_the_global_hotkey ... ok
test procedure_undo_restores_both_the_config_and_the_live_key_table ... ok
test undo_restores_a_user_binding_that_was_explicitly_replaced ... ok
test unnamed_install_refuses_to_guess_when_both_real_muxes_are_installed ... ok

test result: ok. 13 passed; 0 failed; 0 ignored; 0 measured; 1 filtered out; finished in 0.91s

     Running tests/search_surface_parity.rs (target/debug/deps/search_surface_parity-6ca7e9101ed8a4b6)

running 1 test
test headless_and_interactive_search_share_typed_expressions_and_order ... ok

test result: ok. 1 passed; 0 failed; 0 ignored; 0 measured; 0 filtered out; finished in 0.15s

