    Checking cfg-if v1.0.4
    Checking bitflags v2.13.1
    Checking itoa v1.0.18
    Checking memchr v2.8.3
    Checking libc v0.2.189
    Checking serde_core v1.0.229
    Checking rand_core v0.10.1
    Checking regex-syntax v0.8.11
    Checking thiserror v2.0.20
    Checking winnow v1.0.4
    Checking toml_writer v1.1.2+spec-1.1.0
    Checking zmij v1.0.23
    Checking jiff-core v0.1.0
    Checking chacha20 v0.10.1
    Checking arrayvec v0.7.8
    Checking constant_time_eq v0.4.2
    Checking arrayref v0.3.9
    Checking winnow v0.7.15
    Checking fastrand v2.5.0
    Checking once_cell v1.21.4
    Checking blake3 v1.8.6
    Checking aho-corasick v1.1.5
    Checking allocator-api2 v0.2.21
    Checking equivalent v1.0.2
    Checking foldhash v0.2.0
    Checking errno v0.3.14
    Checking getrandom v0.4.3
    Checking log v0.4.33
    Checking rustix v1.1.4
    Checking rand v0.10.2
    Checking ryu v1.0.23
    Checking hashbrown v0.17.1
    Checking smallvec v1.15.2
    Checking foldhash v0.1.5
    Checking hashbrown v0.15.5
    Checking jiff v0.2.35
    Checking ulid v3.0.0
    Checking libsqlite3-sys v0.35.0
    Checking toml_parser v1.1.3+spec-1.1.0
    Checking toml_datetime v1.1.1+spec-1.1.0
    Checking fallible-iterator v0.3.0
    Checking indexmap v2.14.0
    Checking fallible-streaming-iterator v0.1.9
    Checking same-file v1.0.6
    Checking hashlink v0.10.0
    Checking walkdir v2.5.0
    Checking core-foundation-sys v0.8.7
    Checking keyring-core v1.0.0
    Checking unsafe-libyaml v0.2.11
    Checking core-foundation v0.10.1
    Checking rusqlite v0.37.0
    Checking security-framework-sys v2.17.0
    Checking shell-words v1.1.1
   Compiling strsim v0.11.1
    Checking regex-automata v0.4.18
    Checking security-framework v3.7.0
   Compiling darling_core v0.24.0
    Checking toml_edit v0.25.13+spec-1.1.0
    Checking tempfile v3.27.0
    Checking fs4 v1.1.0
    Checking unicode-segmentation v1.13.3
    Checking either v1.17.0
    Checking castaway v0.2.4
    Checking hashbrown v0.16.1
    Checking itertools v0.14.0
    Checking static_assertions v1.1.0
    Checking serde v1.0.229
    Checking serde_spanned v1.1.1
    Checking toml_datetime v0.7.5+spec-1.1.0
    Checking serde_json v1.0.151
    Checking toml v0.9.12+spec-1.1.0
    Checking unicode-width v0.2.2
    Checking apple-native-keyring-store v1.0.2
    Checking serde_yaml v0.9.34+deprecated
    Checking keyring v4.1.5
    Checking kasuari v0.4.12
    Checking compact_str v0.9.1
   Compiling convert_case v0.10.0
    Checking strum v0.28.0
    Checking lru v0.18.2
    Checking signal-hook-registry v1.4.8
    Checking critical-section v1.2.0
    Checking scopeguard v1.2.0
    Checking lock_api v0.4.14
    Checking signal-hook v0.3.18
   Compiling derive_more-impl v2.1.1
    Checking parking_lot_core v0.9.12
    Checking mio v1.2.2
    Checking num_threads v0.1.7
    Checking powerfmt v0.2.0
    Checking time-core v0.1.9
    Checking deranged v0.5.8
    Checking num-conv v0.2.2
    Checking parking_lot v0.12.5
    Checking line-clipping v0.3.8
    Checking nucleo-matcher v0.3.1
    Checking console v0.16.4
    Checking signal-hook-mio v0.2.5
    Checking similar v2.7.0
    Checking typenum v1.20.1
    Checking anstyle v1.0.14
    Checking utf8parse v0.2.2
    Checking unicode-truncate v2.0.1
    Checking anstyle-parse v1.0.0
    Checking ratatui-core v0.1.2
    Checking anstyle-query v1.1.5
    Checking is_terminal_polyfill v1.70.2
    Checking colorchoice v1.0.5
    Checking cpufeatures v0.2.17
    Checking clap_lex v1.1.0
    Checking anstream v1.0.0
    Checking similar v3.2.0
    Checking num-traits v0.2.19
    Checking clap_builder v4.6.6
    Checking insta v1.48.0
    Checking derive_more v2.1.1
    Checking generic-array v0.14.7
    Checking crossterm v0.29.0
    Checking regex v1.13.1
    Checking predicates-core v1.0.10
    Checking time v0.3.55
    Checking float-cmp v0.10.0
    Checking difflib v0.4.0
    Checking aikit-core v0.1.0 (/private/tmp/astra-aikit-k3-verification/crates/aikit-core)
    Checking termtree v0.5.1
    Checking normalize-line-endings v0.3.0
    Checking predicates-tree v1.0.13
    Checking predicates v3.1.4
    Checking bstr v1.13.1
    Checking wait-timeout v0.2.1
   Compiling darling_macro v0.24.0
    Checking block-buffer v0.10.4
    Checking crypto-common v0.1.7
    Checking digest v0.10.7
    Checking sha1 v0.10.7
    Checking sha2 v0.10.9
    Checking assert_cmd v2.2.2
   Compiling darling v0.24.0
    Checking clap v4.6.6
   Compiling instability v0.3.13
    Checking ratatui-widgets v0.3.2
    Checking ratatui-crossterm v0.1.2
    Checking ratatui-macros v0.7.2
    Checking ratatui v0.30.2
    Checking aikit-store v0.1.0 (/private/tmp/astra-aikit-k3-verification/crates/aikit-store)
    Checking aikit-adapters v0.1.0 (/private/tmp/astra-aikit-k3-verification/crates/aikit-adapters)
    Checking aikit-tui v0.1.0 (/private/tmp/astra-aikit-k3-verification/crates/aikit-tui)
    Checking aikit-cli v0.1.0 (/private/tmp/astra-aikit-k3-verification/crates/aikit-cli)
    Finished `dev` profile [unoptimized + debuginfo] target(s) in 1m 19s
