   Compiling aikit-cli v0.1.0 (/private/tmp/astra-aikit-user-ground/crates/aikit-cli)
    Finished `test` profile [unoptimized + debuginfo] target(s) in 3.60s
     Running tests/adopt_command.rs (target/debug/deps/adopt_command-7a3f9061eace7af4)

running 15 tests
test adoption_without_confirmation_is_a_real_diff_and_writes_nothing ... ok
test adoption_refuses_a_skill_tree_that_escapes_through_a_directory_symlink ... ok
test adoption_refuses_a_fourth_control_layout ... ok
test confirmation_is_refused_when_the_source_changed_after_preview ... ok
test control_adoption_preserves_retirement_and_refuses_external_links ... ok
test authority_record_cannot_claim_a_source_root_the_procedure_did_not_move ... ok
test authority_record_refuses_a_journal_from_an_unrelated_procedure_kind ... ok
test adoption_moves_a_linked_skill_without_mutating_its_external_target ... ok
test control_adoption_refuses_changed_review_and_conflicting_staged_bytes ... ok
test confirmed_adoption_moves_authority_and_undo_restores_the_foreign_tree ... ok
test linked_skill_confirmation_is_refused_when_only_the_link_target_changes ... ok
test control_adoption_stages_exact_ground_and_preserves_originals_until_cutover ... ok
test the_tree_reports_an_adopted_root_as_adopted_not_foreign ... ok
test personal_and_project_adoption_use_central_scopes_without_machine_attribution ... ok
test control_cutover_uses_a_real_generation_and_undo_restores_the_original_tree ... ok

test result: ok. 15 passed; 0 failed; 0 ignored; 0 measured; 0 filtered out; finished in 27.36s

     Running tests/control_ground_source.rs (target/debug/deps/control_ground_source-a9fc3158dcb89067)

running 5 tests
test a_source_that_never_opted_in_ignores_the_contract_entirely ... ok
test unresolved_personal_ground_withdraws_a_previously_projected_skill ... ok
test contract_violations_are_refused_at_sync_naming_the_file ... ok
test a_projectcentral_ground_source_routes_per_project_through_existing_bindings ... ok
test a_retired_member_never_projects_and_set_show_discloses_the_reason ... ok

test result: ok. 5 passed; 0 failed; 0 ignored; 0 measured; 0 filtered out; finished in 13.07s

    Checking aikit-core v0.1.0 (/private/tmp/astra-aikit-user-ground/crates/aikit-core)
    Checking aikit-store v0.1.0 (/private/tmp/astra-aikit-user-ground/crates/aikit-store)
    Checking aikit-adapters v0.1.0 (/private/tmp/astra-aikit-user-ground/crates/aikit-adapters)
    Checking aikit-tui v0.1.0 (/private/tmp/astra-aikit-user-ground/crates/aikit-tui)
    Checking aikit-cli v0.1.0 (/private/tmp/astra-aikit-user-ground/crates/aikit-cli)
    Finished `dev` profile [unoptimized + debuginfo] target(s) in 23.61s
