   Compiling libc v0.2.189
   Compiling proc-macro2 v1.0.107
   Compiling unicode-ident v1.0.24
   Compiling quote v1.0.47
   Compiling cfg-if v1.0.4
   Compiling bitflags v2.13.1
   Compiling allocator-api2 v0.2.21
   Compiling equivalent v1.0.2
   Compiling foldhash v0.2.0
   Compiling find-msvc-tools v0.1.11
   Compiling thiserror v2.0.20
   Compiling serde_core v1.0.229
   Compiling shlex v2.0.1
   Compiling itoa v1.0.18
   Compiling cc v1.4.3
   Compiling log v0.4.33
   Compiling ryu v1.0.23
   Compiling memchr v2.8.3
   Compiling rand_core v0.10.1
   Compiling hashbrown v0.17.1
   Compiling getrandom v0.4.3
   Compiling heck v0.5.0
   Compiling zmij v1.0.23
   Compiling winnow v1.0.4
   Compiling rustversion v1.0.23
   Compiling serde v1.0.229
   Compiling toml_parser v1.1.3+spec-1.1.0
   Compiling blake3 v1.8.6
   Compiling aho-corasick v1.1.5
   Compiling chacha20 v0.10.1
   Compiling syn v3.0.3
   Compiling syn v2.0.119
   Compiling regex-syntax v0.8.11
   Compiling serde_json v1.0.151
   Compiling core-foundation-sys v0.8.7
   Compiling toml_writer v1.1.2+spec-1.1.0
   Compiling ident_case v1.0.1
   Compiling strsim v0.11.1
   Compiling toml_datetime v0.7.5+spec-1.1.0
   Compiling serde_spanned v1.1.1
   Compiling errno v0.3.14
   Compiling indexmap v2.14.0
   Compiling rand v0.10.2
   Compiling arrayref v0.3.9
   Compiling unicode-segmentation v1.13.3
   Compiling either v1.17.0
   Compiling jiff-core v0.1.0
   Compiling winnow v0.7.15
   Compiling regex-automata v0.4.18
   Compiling smallvec v1.15.2
   Compiling arrayvec v0.7.8
   Compiling version_check v0.9.5
   Compiling rustix v1.1.4
   Compiling constant_time_eq v0.4.2
   Compiling generic-array v0.14.7
   Compiling strum_macros v0.28.0
   Compiling ulid v3.0.0
   Compiling darling_core v0.24.0
   Compiling jiff v0.2.35
   Compiling castaway v0.2.4
   Compiling itertools v0.14.0
   Compiling toml v0.9.12+spec-1.1.0
   Compiling thiserror-impl v2.0.20
   Compiling serde_derive v1.0.229
   Compiling regex v1.13.1
   Compiling security-framework-sys v2.17.0
   Compiling core-foundation v0.10.1
   Compiling hashbrown v0.16.1
   Compiling static_assertions v1.1.0
   Compiling unicode-width v0.2.2
   Compiling darling_macro v0.24.0
   Compiling signal-hook v0.3.18
   Compiling parking_lot_core v0.9.12
   Compiling instability v0.3.13
   Compiling convert_case v0.10.0
   Compiling kasuari v0.4.12
   Compiling unicode-truncate v2.0.1
   Compiling compact_str v0.9.1
   Compiling security-framework v3.7.0
   Compiling darling v0.24.0
   Compiling strum v0.28.0
   Compiling signal-hook-registry v1.4.8
   Compiling lru v0.18.2
   Compiling keyring-core v1.0.0
   Compiling typenum v1.20.1
   Compiling critical-section v1.2.0
   Compiling scopeguard v1.2.0
   Compiling pkg-config v0.3.34
   Compiling indoc v2.0.7
   Compiling vcpkg v0.2.15
   Compiling apple-native-keyring-store v1.0.2
   Compiling lock_api v0.4.14
   Compiling ratatui-core v0.1.2
   Compiling libsqlite3-sys v0.35.0
   Compiling derive_more-impl v2.1.1
   Compiling mio v1.2.2
   Compiling aikit-core v0.1.0 (/private/tmp/astra-aikit-user-ground/crates/aikit-core)
   Compiling num_threads v0.1.7
   Compiling unsafe-libyaml v0.2.11
   Compiling foldhash v0.1.5
   Compiling deranged v0.5.8
   Compiling litrs v1.0.0
   Compiling num-conv v0.2.2
   Compiling powerfmt v0.2.0
   Compiling time-core v0.1.9
   Compiling derive_more v2.1.1
   Compiling signal-hook-mio v0.2.5
   Compiling hashbrown v0.15.5
   Compiling document-features v0.2.12
   Compiling parking_lot v0.12.5
   Compiling keyring v4.1.5
   Compiling line-clipping v0.3.8
   Compiling serde_yaml v0.9.34+deprecated
   Compiling shell-words v1.1.1
   Compiling utf8parse v0.2.2
   Compiling crossterm v0.29.0
   Compiling anstyle-parse v1.0.0
   Compiling block-buffer v0.10.4
   Compiling crypto-common v0.1.7
   Compiling fallible-iterator v0.3.0
   Compiling hashlink v0.10.0
   Compiling time v0.3.55
   Compiling is_terminal_polyfill v1.70.2
   Compiling toml_datetime v1.1.1+spec-1.1.0
   Compiling same-file v1.0.6
   Compiling colorchoice v1.0.5
   Compiling fallible-streaming-iterator v0.1.9
   Compiling anstyle v1.0.14
   Compiling anstyle-query v1.1.5
   Compiling toml_edit v0.25.13+spec-1.1.0
   Compiling walkdir v2.5.0
   Compiling anstream v1.0.0
   Compiling digest v0.10.7
   Compiling fs4 v1.1.0
   Compiling cpufeatures v0.2.17
   Compiling clap_lex v1.1.0
   Compiling clap_derive v4.6.4
   Compiling clap_builder v4.6.6
   Compiling ratatui-widgets v0.3.2
   Compiling ratatui-crossterm v0.1.2
   Compiling nucleo-matcher v0.3.1
   Compiling sha1 v0.10.7
   Compiling sha2 v0.10.9
   Compiling similar v3.2.0
   Compiling ratatui-macros v0.7.2
   Compiling ratatui v0.30.2
   Compiling clap v4.6.6
   Compiling aikit-adapters v0.1.0 (/private/tmp/astra-aikit-user-ground/crates/aikit-adapters)
   Compiling rusqlite v0.37.0
   Compiling aikit-store v0.1.0 (/private/tmp/astra-aikit-user-ground/crates/aikit-store)
   Compiling aikit-tui v0.1.0 (/private/tmp/astra-aikit-user-ground/crates/aikit-tui)
   Compiling aikit-cli v0.1.0 (/private/tmp/astra-aikit-user-ground/crates/aikit-cli)
    Finished `release` profile [optimized] target(s) in 3m 56s
