   Compiling memchr v2.8.3
   Compiling rustix v1.1.4
   Compiling errno v0.3.14
   Compiling winnow v1.0.4
   Compiling syn v3.0.3
   Compiling toml_writer v1.1.2+spec-1.1.0
   Compiling toml_parser v1.1.3+spec-1.1.0
   Compiling aho-corasick v1.1.5
   Compiling serde_json v1.0.151
   Compiling toml v0.9.12+spec-1.1.0
   Compiling regex-automata v0.4.18
   Compiling serde_derive v1.0.229
   Compiling thiserror-impl v2.0.20
   Compiling tempfile v3.27.0
   Compiling insta v1.48.0
   Compiling thiserror v2.0.20
   Compiling regex v1.13.1
   Compiling serde v1.0.229
   Compiling aikit-core v0.1.0 (/private/tmp/astra-aikit-user-ground/crates/aikit-core)
    Finished `test` profile [unoptimized + debuginfo] target(s) in 19.99s
     Running tests/manifest.rs (target/debug/deps/manifest-f767b5a04be528df)

running 18 tests
test errors_expose_stable_machine_codes ... ok
test capsule_ids_order_deterministically_for_stable_hashing ... ok
test capsule_id_round_trips_and_rejects_malformed_input ... ok
test an_unknown_schema_version_is_rejected_with_a_clear_code ... ok
test a_script_capsule_requires_a_script_section ... ok
test a_capsule_may_not_declare_its_own_trust ... ok
test guidance_carries_an_injection_budget ... ok
test a_retired_standing_keeps_its_retirement_record_and_reason ... ok
test control_ground_metadata_parses_as_capability_metadata ... ok
test a_retired_standing_without_a_reason_is_refused ... ok
test kind_must_agree_with_the_id_prefix ... ok
test hooks_default_to_failing_closed_and_running_serially ... ok
test an_unusable_control_table_is_refused_naming_the_capsule ... ok
test parses_a_skill_manifest ... ok
test parses_a_hook_manifest_with_phase_ordering_and_failure_policy ... ok
test tool_capsules_describe_an_external_check_rather_than_an_installer ... ok
test script_manifest_derives_effect_classes ... ok
test parses_a_full_script_manifest ... ok

test result: ok. 18 passed; 0 failed; 0 ignored; 0 measured; 0 filtered out; finished in 0.00s

    Checking regex-automata v0.4.18
    Checking once_cell v1.21.4
    Checking fastrand v2.5.0
    Checking console v0.16.4
    Checking similar v2.7.0
    Checking predicates-core v1.0.10
    Checking normalize-line-endings v0.3.0
    Checking difflib v0.4.0
    Checking termtree v0.5.1
    Checking num-traits v0.2.19
    Checking wait-timeout v0.2.1
    Checking predicates-tree v1.0.13
    Checking tempfile v3.27.0
    Checking insta v1.48.0
    Checking float-cmp v0.10.0
    Checking regex v1.13.1
    Checking bstr v1.13.1
    Checking aikit-core v0.1.0 (/private/tmp/astra-aikit-user-ground/crates/aikit-core)
    Checking predicates v3.1.4
    Checking assert_cmd v2.2.2
    Checking aikit-store v0.1.0 (/private/tmp/astra-aikit-user-ground/crates/aikit-store)
    Checking aikit-adapters v0.1.0 (/private/tmp/astra-aikit-user-ground/crates/aikit-adapters)
    Checking aikit-tui v0.1.0 (/private/tmp/astra-aikit-user-ground/crates/aikit-tui)
    Checking aikit-cli v0.1.0 (/private/tmp/astra-aikit-user-ground/crates/aikit-cli)
    Finished `dev` profile [unoptimized + debuginfo] target(s) in 20.37s
