   Compiling objc2-exception-helper v0.1.1
   Compiling oi-cradle v0.1.0 (/Users/admin/Central/Work/O-I/desktop/cradle/src-tauri)
    Checking oi-cradle-kernel v0.1.0 (/Users/admin/Central/Work/O-I/desktop/cradle/kernel)
   Compiling objc2 v0.6.4
    Checking objc2-core-foundation v0.3.2
    Checking block2 v0.6.2
    Checking dispatch2 v0.3.1
    Checking objc2-foundation v0.3.2
    Checking objc2-app-kit v0.3.2
    Checking objc2-web-kit v0.3.2
    Checking tao v0.35.3
    Checking muda v0.19.3
    Checking window-vibrancy v0.6.0
    Checking rfd v0.16.0
    Checking tauri-runtime v2.11.3
    Checking wry v0.55.1
    Checking tauri-runtime-wry v2.11.4
    Checking tauri v2.11.5
    Checking tauri-plugin-fs v2.5.2
    Checking tauri-plugin-dialog v2.7.1
    Finished `dev` profile [unoptimized + debuginfo] target(s) in 10.77s
