
--- setup
day boundary falls at 2026-09-30T19:05:52.711Z
owner health: {"pid":69107,"protocol":"aikit-encounter-v1"}
scratch: /private/tmp/plural-flow-lab5 
flow: central:path:/private/tmp/plural-flow-lab5/central:Control/user/flows/flow-acceptance.html

--- bring-in
Ada: minted=minted-per-project-agency admitted={"admitted":true,"revision":"rev/aikit-admit-1790794799-d2c0","sender":"human:p-e4948043523a790e","source":"central:path:/private/tmp/plural-flow-lab5/central:Control/user/flows/flow-acceptance.html","standing":"owner-side admission of one sender and one packet source; no other disclosure changed","unchanged":false} provider=pi key=p-61ab857bdef81096
Ash: minted=minted-per-project-agency admitted={"admitted":true,"revision":"rev/aikit-admit-1790794804-303b","sender":"human:p-e4948043523a790e","source":"central:path:/private/tmp/plural-flow-lab5/central:Control/user/flows/flow-acceptance.html","standing":"owner-side admission of one sender and one packet source; no other disclosure changed","unchanged":false} provider=pi key=p-90bde904c1b08a6b

--- ask
sent: [["p-61ab857bdef81096","delivered"],["p-90bde904c1b08a6b","delivered"]]
  · f81096:delivered b08a6b:delivered
  · f81096:answering b08a6b:answering
  · f81096:included b08a6b:returned
  · f81096:included b08a6b:included

--- side
  · f81096:delivered
  · f81096:answering
  · f81096:returned
  · f81096:included
  · b08a6b:delivered
  · b08a6b:answering
  · b08a6b:returned
  · b08a6b:included

--- changed
  correction landed at document revision 13 while the ask was at 12
  · b08a6b:delivered
  · b08a6b:answering
  · b08a6b:included
  late answer replies to the asked entry: true at basis revision 12 — flow is now at 14

--- day-before
day before the boundary: "central:day:control:root:2026-09-29"

--- fresh
  · f81096:delivered
  · f81096:included

--- fresh-participant
Cy: minted=minted-per-project-agency admitted={"admitted":true,"revision":"rev/aikit-admit-1790794904-1a42","sender":"human:p-e4948043523a790e","source":"central:path:/private/tmp/plural-flow-lab5/central:Control/user/flows/flow-acceptance.html","standing":"owner-side admission of one sender and one packet source; no other disclosure changed","unchanged":false} provider=pi key=p-f5e1c4d530515563
  · 515563:delivered
  · 515563:answering
  · 515563:included

Cy's answer:
**Cy — the slowing traveller: step 3 holds here**
No — this case flips the earlier verdict. Distances still halve (1, ½, ¼ … m), but durations now *grow*: if the first step takes 1 s, the next take 1.5 s, 2.25 s, 3.375 s, 5.0625 s… — each 3/2 of the last. A geometric series with ratio 3/2 &gt; 1 diverges; the running total is already 8.125 s after four steps and climbs without bound (any positive first duration behaves the same). So the durations sum to infinity — precisely the condition Ada named for step 3 to be true. Step 3 doesn't fail; it holds, and this traveller genuinely never covers the 2 m. The earlier failure came from *converging* durations, not from endlessness itself.
verifier marks: {
 "uses the earlier result (convergence / geometric series)": true,
 "names the ratio 1.5 and the growing times": true,
 "concludes step 3 does not fail in the same way here": true
}

--- world-b-setup
world B day: "central:day:control:root:2026-10-01" · world A day: "central:day:control:root:2026-09-29"

--- world-b-join
Bea's entry: appended attribution=verified
Bea writing as Ann: refused: impersonation
Bea using another action in Ann's world: refused: native credential is expired or lacks this exact scope/action

--- world-b-ask
  · 479ea5:unknown
  · 479ea5:delivered
  · 479ea5:answering
  · 479ea5:returned
  · 479ea5:included
private material in what World B's agent received: none

--- day-after
  waiting for the Day boundary… 216 s
  waiting for the Day boundary… 196 s
  waiting for the Day boundary… 175 s
  waiting for the Day boundary… 155 s
  waiting for the Day boundary… 135 s
  waiting for the Day boundary… 115 s
  waiting for the Day boundary… 95 s
  waiting for the Day boundary… 75 s
  waiting for the Day boundary… 55 s
  waiting for the Day boundary… 35 s
  waiting for the Day boundary… 15 s
day after the boundary: "central:day:control:root:2026-09-30"
distinct Days: true

--- world-b-days
World A Day: "central:day:control:root:2026-09-30"
World B Day: "central:day:control:root:2026-10-01"

--- report

=== Flow "On crossing a distance" — 17 entries, revision 27

[1] Ann (declared) · to Ada, Ash
    Please read docs/passage.md in your working directory. Ada: recover the argument — state its premises and its conclusion exactly as the passage gives them. Ash: test the passage's claim on one concrete example of your own choosing, with numbers, and say whether the example supports step 3. Keep your answer under 150 words.

[2] Ada (verified from agent-session/pf-ada) · reply→1@r5 · to Ann
    **Ada — recovery of the argument (docs/passage.md)**
    Premise 1 — To cross any distance, a traveller must first cross half of it.
    Premise 2 — After that, half of what remains, and again half of what remains, without end.
    Premise 3 — A task made of endlessly many steps, each requiring some time, can never be completed.
    Conclusion (4) — Therefore the traveller never arrives: motion across a distance is impossible.
    Structure: 1 and 2 together make crossing an endless sequence of half-steps; 3 rules out ever finishing such a sequence; 4 follows that arrival — hence motion — is impossible. The load-bearing premise is 3: it quietly assumes that infinitely many steps must take infinite time, which is exactly where Ash's numerical test should press.

[3] Ash (verified from agent-session/pf-ash) · reply→1@r5 · to Ann
    I'll take the 2-metre walk to the door at a steady 1 m/s. The steps are 1 m, then 0.5 m, then 0.25 m, 0.125 m… — endlessly many, exactly as step 2 says. At constant speed their durations are 1 s, 0.5 s, 0.25 s, 0.125 s… The total time is 1 + ½ + ¼ + … = 2 s. You're at the door in two seconds.
    So my example does not support step 3. Step 3 needs a hidden extra premise — that endlessly many steps must take endlessly much time, e.g. that each step costs the same duration. But if each successive step is half the distance, it needs half the time, and a geometric series of durations sums to a finite total. Endlessly many steps, finite time: step 3 is false, and step 4 loses its ground.

[4] Ann (declared) · branch→2@r7 · to Ada
    Ada — a side question on your answer: what exactly would have to be true of the steps for step 3 to hold? Under 80 words.

[5] Ada (verified from agent-session/pf-ada) · reply→4@r8 · to Ann
    **Ada — on what step 3 requires**
    For step 3 to hold, the steps' durations must sum to infinity. A clean sufficient condition: every step costs at least some fixed positive time (a positive lower bound, ε &gt; 0). Then endlessly many steps take at least endlessly much time, and 3 is true. Equality of durations is one such case, but any duration sequence with a divergent sum (e.g. 1, ½, ⅓, ¼, …) works too. The half-shrinking steps Ash used fail this — their sum converges.

[6] Ann (declared) · converge→2@r9, converge→3@r9, converge→5@r9 · to Ash
    Ash — using Ada's recovered argument, your own test and Ada's side answer together, say in under 100 words exactly where the passage's argument fails.

[7] Ash (verified from agent-session/pf-ash) · reply→6@r10 · to Ann
    **Ash — where the argument fails**
    It fails at step 3. Premises 1–2 only establish that the crossing divides into endlessly many *distances*; they say nothing about how much *time* the steps take. Step 3 smuggles in the extra claim that the durations must sum to infinity. As Ada's side answer shows, that holds only if the durations have a positive lower bound (or otherwise diverge, like 1 + ½ + ⅓ + …). But the actual half-steps take 1 + ½ + ¼ + … = 2 s — convergent. So step 3 is a false independent assertion, not a consequence of 1–2, and step 4 collapses with it.

[8] Ann (declared) · to Ash
    Ash — assume a traveller crosses 2 metres at 1 metre per second. Work through the halving steps for the first six steps, showing each step's distance and time, then say what the six steps add up to. Show all arithmetic.

[9] Ann (declared) · correct→8@r12
    Correction: the traveller moves at 2 metres per second, not 1.

[10] Ash (verified from agent-session/pf-ash) · reply→8@r12 · to Ann
    **Ash — the six halving steps for a 2 m crossing at 1 m/s**
    Each step covers half of what remains; time = distance ÷ 1 m/s.
    | Step | Distance | Arithmetic | Time | Remaining after step |
    |---|---|---|---|---|
    | 1 | 1 m | 2 × ½ = 1 | 1 s | 2 − 1 = 1 m |
    | 2 | 0.5 m | 1 × ½ = ½ | 0.5 s | 1 − 0.5 = 0.5 m |
    | 3 | 0.25 m | 0.5 × ½ = ¼ | 0.25 s | 0.5 − 0.25 = 0.25 m |
    | 4 | 0.125 m | 0.25 × ½ = ⅛ | 0.125 s | 0.25 − 0.125 = 0.125 m |
    | 5 | 0.0625 m | 0.125 × ½ = 1/16 | 0.0625 s | 0.125 − 0.0625 = 0.0625 m |
    | 6 | 0.03125 m | 0.0625 × ½ = 1/32 | 0.03125 s | 0.0625 − 0.03125 = 0.03125 m |
    Running totals:
    - Distances: 1 + 0.5 = 1.5; 1.5 + 0.25 = 1.75; 1.75 + 0.125 = 1.875; 1.875 + 0.0625 = 1.9375; 1.9375 + 0.03125 = **1.96875 m**
    - Times (1 m/s, so identical numbers): 1 + 0.5 + 0.25 + 0.125 + 0.0625 + 0.03125 = **1.96875 s**
    Check: distance left = 2 − 1.96875 = 0.03125 m = 1/32 m, matching the remaining column.
    So six endless-sequence steps add up to 1.96875 m in 1.96875 s — and the entire untraversed tail is just that last 1/32 m, which the continuing halving series (1/32 + 1/64 + … = 1/32) covers exactly, landing at 2 m in 2 s.

[11] Ann (declared) · to Ada
    Ada — you have just joined this conversation afresh. Using what the earlier entries established about where the argument fails, apply the same analysis to a different case: a runner who covers half the remaining distance each step but doubles speed at every step. Does the argument fail in the same place? Under 100 words.

[12] Ada (verified from agent-session/pf-ada-fresh) · reply→11@r16 · to Ann
    **Ada — the doubled-speed runner**
    Distances still halve exactly as before: 1, ½, ¼ … m. But time = distance ÷ speed, and speed doubles each step: 1 s, ¼ s, 1/16 s… Sum = 1 + ¼ + 1/16 + … = 4/3 s — finite, converging even faster than Ash's 2 s.
    So yes: it fails at exactly the same place, step 3. Premises 1–2 fix only the *distances*; they leave the *durations* undetermined, and step 3's smuggled claim — endless steps must take endless time — is false again. Step 4 collapses identically; this runner merely arrives sooner.

[13] Ann (declared) · to Cy
    Cy — you are new to this conversation. Earlier entries already settled something about step 3 of the passage in docs/passage.md. Use that, not a fresh start, on this different case: each step covers half of what remains but takes one and a half times as long as the step before. Does step 3 fail here as it did before? Say why, with the numbers, in under 120 words.

[14] Cy (verified from agent-session/pf-cy) · reply→13@r20 · to Ann
    **Cy — the slowing traveller: step 3 holds here**
    No — this case flips the earlier verdict. Distances still halve (1, ½, ¼ … m), but durations now *grow*: if the first step takes 1 s, the next take 1.5 s, 2.25 s, 3.375 s, 5.0625 s… — each 3/2 of the last. A geometric series with ratio 3/2 &gt; 1 diverges; the running total is already 8.125 s after four steps and climbs without bound (any positive first duration behaves the same). So the durations sum to infinity — precisely the condition Ada named for step 3 to be true. Step 3 doesn't fail; it holds, and this traveller genuinely never covers the 2 m. The earlier failure came from *converging* durations, not from endlessness itself.

[15] Bea (verified)
    Bea here, from my own world. I have read the question and I would like Bo to look at it too.

[16] Ann (declared) · to Bo
    Bo — Bea asked you to look at this too. Read docs/passage.md in your working directory and say in under 80 words what the passage is arguing. Tell me only what the conversation and your own working directory give you.

[17] Bo (verified from agent-session/pf-bo) · reply→16@r26 · to Ann
    **Bo — what the passage argues**
    It's a Zeno-style dilemma about a 2 m crossing: premises 1–2 split the journey into endlessly many halving steps (1, ½, ¼ … m); premise 3 claims endlessly many time-costing steps can never complete; premise 4 concludes arrival is impossible, so motion is impossible. As the conversation showed, the load-bearing step is 3 — true only for diverging durations (Cy's slowing case), false for converging ones (Ash's 2 s, Ada's 4/3 s).

receipt: /private/tmp/plural-flow-lab5/receipt.json
exit 0
